// Jest Snapshot v1, https://goo.gl/fbAQLP

exports[`Pruebas en FirstApp debe de hacer match con el snapshot 1`] = `
<div>
  <h1>
    Hola soy german
  </h1>
  <p>
    12
  </p>
  <p />
</div>
`;
